  
0000: 01 0a 15 31 ff ff ff ff ff ff ff ff ff ff ff ff   ...1............
0010: 33 2e 31 34 31 ff ff ff ff ff ff ff ff ff ff ff   3.141...........
0020: ff ff ff ff ff ff ff ff ff ff ff ff ff ff ff ff   ................
0030: ff ff ff ff ff ff ff ff ff ff ff ff ff ff ff ff   ................
0040: ff ff ff ff ff ff ff ff ff ff ff ff ff ff ff ff   ................
0050: ff ff ff ff ff ff ff ff ff ff ff ff ff ff ff ff   ................
0060: ff ff ff ff ff ff ff ff ff ff ff ff ff ff ff ff   ................
0070: ff ff ff ff ff ff ff ff ff ff ff ff ff ff ff ff   ................
